running egg_info
creating ../../build/strawberry_perception/strawberry_perception.egg-info
writing ../../build/strawberry_perception/strawberry_perception.egg-info/PKG-INFO
writing dependency_links to ../../build/strawberry_perception/strawberry_perception.egg-info/dependency_links.txt
writing entry points to ../../build/strawberry_perception/strawberry_perception.egg-info/entry_points.txt
writing requirements to ../../build/strawberry_perception/strawberry_perception.egg-info/requires.txt
writing top-level names to ../../build/strawberry_perception/strawberry_perception.egg-info/top_level.txt
writing manifest file '../../build/strawberry_perception/strawberry_perception.egg-info/SOURCES.txt'
reading manifest file '../../build/strawberry_perception/strawberry_perception.egg-info/SOURCES.txt'
writing manifest file '../../build/strawberry_perception/strawberry_perception.egg-info/SOURCES.txt'
running build
running build_py
creating /home/soumo/strawberry_pose_estimation/build/strawberry_perception/build
creating /home/soumo/strawberry_pose_estimation/build/strawberry_perception/build/lib
creating /home/soumo/strawberry_pose_estimation/build/strawberry_perception/build/lib/strawberry_perception
copying strawberry_perception/yolo_detector.py -> /home/soumo/strawberry_pose_estimation/build/strawberry_perception/build/lib/strawberry_perception
copying strawberry_perception/stem_localizer.py -> /home/soumo/strawberry_pose_estimation/build/strawberry_perception/build/lib/strawberry_perception
copying strawberry_perception/__init__.py -> /home/soumo/strawberry_pose_estimation/build/strawberry_perception/build/lib/strawberry_perception
copying strawberry_perception/detection_node.py -> /home/soumo/strawberry_pose_estimation/build/strawberry_perception/build/lib/strawberry_perception
copying strawberry_perception/coordinate_transform.py -> /home/soumo/strawberry_pose_estimation/build/strawberry_perception/build/lib/strawberry_perception
running install
running install_lib
creating /home/soumo/strawberry_pose_estimation/install/strawberry_perception/lib/python3.10/site-packages/strawberry_perception
copying /home/soumo/strawberry_pose_estimation/build/strawberry_perception/build/lib/strawberry_perception/yolo_detector.py -> /home/soumo/strawberry_pose_estimation/install/strawberry_perception/lib/python3.10/site-packages/strawberry_perception
copying /home/soumo/strawberry_pose_estimation/build/strawberry_perception/build/lib/strawberry_perception/stem_localizer.py -> /home/soumo/strawberry_pose_estimation/install/strawberry_perception/lib/python3.10/site-packages/strawberry_perception
copying /home/soumo/strawberry_pose_estimation/build/strawberry_perception/build/lib/strawberry_perception/__init__.py -> /home/soumo/strawberry_pose_estimation/install/strawberry_perception/lib/python3.10/site-packages/strawberry_perception
copying /home/soumo/strawberry_pose_estimation/build/strawberry_perception/build/lib/strawberry_perception/detection_node.py -> /home/soumo/strawberry_pose_estimation/install/strawberry_perception/lib/python3.10/site-packages/strawberry_perception
copying /home/soumo/strawberry_pose_estimation/build/strawberry_perception/build/lib/strawberry_perception/coordinate_transform.py -> /home/soumo/strawberry_pose_estimation/install/strawberry_perception/lib/python3.10/site-packages/strawberry_perception
byte-compiling /home/soumo/strawberry_pose_estimation/install/strawberry_perception/lib/python3.10/site-packages/strawberry_perception/yolo_detector.py to yolo_detector.cpython-310.pyc
byte-compiling /home/soumo/strawberry_pose_estimation/install/strawberry_perception/lib/python3.10/site-packages/strawberry_perception/stem_localizer.py to stem_localizer.cpython-310.pyc
byte-compiling /home/soumo/strawberry_pose_estimation/install/strawberry_perception/lib/python3.10/site-packages/strawberry_perception/__init__.py to __init__.cpython-310.pyc
byte-compiling /home/soumo/strawberry_pose_estimation/install/strawberry_perception/lib/python3.10/site-packages/strawberry_perception/detection_node.py to detection_node.cpython-310.pyc
byte-compiling /home/soumo/strawberry_pose_estimation/install/strawberry_perception/lib/python3.10/site-packages/strawberry_perception/coordinate_transform.py to coordinate_transform.cpython-310.pyc
running install_data
creating /home/soumo/strawberry_pose_estimation/install/strawberry_perception/share/ament_index
creating /home/soumo/strawberry_pose_estimation/install/strawberry_perception/share/ament_index/resource_index
creating /home/soumo/strawberry_pose_estimation/install/strawberry_perception/share/ament_index/resource_index/packages
copying resource/strawberry_perception -> /home/soumo/strawberry_pose_estimation/install/strawberry_perception/share/ament_index/resource_index/packages
copying package.xml -> /home/soumo/strawberry_pose_estimation/install/strawberry_perception/share/strawberry_perception
creating /home/soumo/strawberry_pose_estimation/install/strawberry_perception/share/strawberry_perception/launch
copying launch/perception.launch.py -> /home/soumo/strawberry_pose_estimation/install/strawberry_perception/share/strawberry_perception/launch
creating /home/soumo/strawberry_pose_estimation/install/strawberry_perception/share/strawberry_perception/config
copying config/perception_params.yaml -> /home/soumo/strawberry_pose_estimation/install/strawberry_perception/share/strawberry_perception/config
running install_egg_info
Copying ../../build/strawberry_perception/strawberry_perception.egg-info to /home/soumo/strawberry_pose_estimation/install/strawberry_perception/lib/python3.10/site-packages/strawberry_perception-0.1.0-py3.10.egg-info
running install_scripts
Installing detection_node script to /home/soumo/strawberry_pose_estimation/install/strawberry_perception/lib/strawberry_perception
writing list of installed files to '/home/soumo/strawberry_pose_estimation/build/strawberry_perception/install.log'
