[0.502s] Invoking command in '/home/soumo/strawberry_pose_estimation/src/strawberry_perception': PYTHONPATH=/home/soumo/strawberry_pose_estimation/build/strawberry_perception/prefix_override:/usr/lib/python3/dist-packages/colcon_core/task/python/colcon_distutils_commands:/home/soumo/strawberry_pose_estimation/install/strawberry_perception/lib/python3.10/site-packages:${PYTHONPATH} /usr/bin/python3 -W ignore:setup.py install is deprecated -W ignore:easy_install command is deprecated setup.py egg_info --egg-base ../../build/strawberry_perception build --build-base /home/soumo/strawberry_pose_estimation/build/strawberry_perception/build install --record /home/soumo/strawberry_pose_estimation/build/strawberry_perception/install.log --install-scripts $base/lib/strawberry_perception --single-version-externally-managed install_data
[0.679s] running egg_info
[0.680s] creating ../../build/strawberry_perception/strawberry_perception.egg-info
[0.680s] writing ../../build/strawberry_perception/strawberry_perception.egg-info/PKG-INFO
[0.680s] writing dependency_links to ../../build/strawberry_perception/strawberry_perception.egg-info/dependency_links.txt
[0.680s] writing entry points to ../../build/strawberry_perception/strawberry_perception.egg-info/entry_points.txt
[0.680s] writing requirements to ../../build/strawberry_perception/strawberry_perception.egg-info/requires.txt
[0.680s] writing top-level names to ../../build/strawberry_perception/strawberry_perception.egg-info/top_level.txt
[0.681s] writing manifest file '../../build/strawberry_perception/strawberry_perception.egg-info/SOURCES.txt'
[0.681s] reading manifest file '../../build/strawberry_perception/strawberry_perception.egg-info/SOURCES.txt'
[0.682s] writing manifest file '../../build/strawberry_perception/strawberry_perception.egg-info/SOURCES.txt'
[0.682s] running build
[0.682s] running build_py
[0.682s] creating /home/soumo/strawberry_pose_estimation/build/strawberry_perception/build
[0.682s] creating /home/soumo/strawberry_pose_estimation/build/strawberry_perception/build/lib
[0.682s] creating /home/soumo/strawberry_pose_estimation/build/strawberry_perception/build/lib/strawberry_perception
[0.682s] copying strawberry_perception/yolo_detector.py -> /home/soumo/strawberry_pose_estimation/build/strawberry_perception/build/lib/strawberry_perception
[0.687s] copying strawberry_perception/stem_localizer.py -> /home/soumo/strawberry_pose_estimation/build/strawberry_perception/build/lib/strawberry_perception
[0.688s] copying strawberry_perception/__init__.py -> /home/soumo/strawberry_pose_estimation/build/strawberry_perception/build/lib/strawberry_perception
[0.688s] copying strawberry_perception/detection_node.py -> /home/soumo/strawberry_pose_estimation/build/strawberry_perception/build/lib/strawberry_perception
[0.688s] copying strawberry_perception/coordinate_transform.py -> /home/soumo/strawberry_pose_estimation/build/strawberry_perception/build/lib/strawberry_perception
[0.688s] running install
[0.688s] running install_lib
[0.689s] creating /home/soumo/strawberry_pose_estimation/install/strawberry_perception/lib/python3.10/site-packages/strawberry_perception
[0.689s] copying /home/soumo/strawberry_pose_estimation/build/strawberry_perception/build/lib/strawberry_perception/yolo_detector.py -> /home/soumo/strawberry_pose_estimation/install/strawberry_perception/lib/python3.10/site-packages/strawberry_perception
[0.689s] copying /home/soumo/strawberry_pose_estimation/build/strawberry_perception/build/lib/strawberry_perception/stem_localizer.py -> /home/soumo/strawberry_pose_estimation/install/strawberry_perception/lib/python3.10/site-packages/strawberry_perception
[0.689s] copying /home/soumo/strawberry_pose_estimation/build/strawberry_perception/build/lib/strawberry_perception/__init__.py -> /home/soumo/strawberry_pose_estimation/install/strawberry_perception/lib/python3.10/site-packages/strawberry_perception
[0.689s] copying /home/soumo/strawberry_pose_estimation/build/strawberry_perception/build/lib/strawberry_perception/detection_node.py -> /home/soumo/strawberry_pose_estimation/install/strawberry_perception/lib/python3.10/site-packages/strawberry_perception
[0.689s] copying /home/soumo/strawberry_pose_estimation/build/strawberry_perception/build/lib/strawberry_perception/coordinate_transform.py -> /home/soumo/strawberry_pose_estimation/install/strawberry_perception/lib/python3.10/site-packages/strawberry_perception
[0.689s] byte-compiling /home/soumo/strawberry_pose_estimation/install/strawberry_perception/lib/python3.10/site-packages/strawberry_perception/yolo_detector.py to yolo_detector.cpython-310.pyc
[0.690s] byte-compiling /home/soumo/strawberry_pose_estimation/install/strawberry_perception/lib/python3.10/site-packages/strawberry_perception/stem_localizer.py to stem_localizer.cpython-310.pyc
[0.690s] byte-compiling /home/soumo/strawberry_pose_estimation/install/strawberry_perception/lib/python3.10/site-packages/strawberry_perception/__init__.py to __init__.cpython-310.pyc
[0.690s] byte-compiling /home/soumo/strawberry_pose_estimation/install/strawberry_perception/lib/python3.10/site-packages/strawberry_perception/detection_node.py to detection_node.cpython-310.pyc
[0.691s] byte-compiling /home/soumo/strawberry_pose_estimation/install/strawberry_perception/lib/python3.10/site-packages/strawberry_perception/coordinate_transform.py to coordinate_transform.cpython-310.pyc
[0.692s] running install_data
[0.692s] creating /home/soumo/strawberry_pose_estimation/install/strawberry_perception/share/ament_index
[0.692s] creating /home/soumo/strawberry_pose_estimation/install/strawberry_perception/share/ament_index/resource_index
[0.692s] creating /home/soumo/strawberry_pose_estimation/install/strawberry_perception/share/ament_index/resource_index/packages
[0.692s] copying resource/strawberry_perception -> /home/soumo/strawberry_pose_estimation/install/strawberry_perception/share/ament_index/resource_index/packages
[0.692s] copying package.xml -> /home/soumo/strawberry_pose_estimation/install/strawberry_perception/share/strawberry_perception
[0.692s] creating /home/soumo/strawberry_pose_estimation/install/strawberry_perception/share/strawberry_perception/launch
[0.692s] copying launch/perception.launch.py -> /home/soumo/strawberry_pose_estimation/install/strawberry_perception/share/strawberry_perception/launch
[0.692s] creating /home/soumo/strawberry_pose_estimation/install/strawberry_perception/share/strawberry_perception/config
[0.692s] copying config/perception_params.yaml -> /home/soumo/strawberry_pose_estimation/install/strawberry_perception/share/strawberry_perception/config
[0.692s] running install_egg_info
[0.693s] Copying ../../build/strawberry_perception/strawberry_perception.egg-info to /home/soumo/strawberry_pose_estimation/install/strawberry_perception/lib/python3.10/site-packages/strawberry_perception-0.1.0-py3.10.egg-info
[0.693s] running install_scripts
[0.705s] Installing detection_node script to /home/soumo/strawberry_pose_estimation/install/strawberry_perception/lib/strawberry_perception
[0.705s] writing list of installed files to '/home/soumo/strawberry_pose_estimation/build/strawberry_perception/install.log'
[0.719s] Invoked command in '/home/soumo/strawberry_pose_estimation/src/strawberry_perception' returned '0': PYTHONPATH=/home/soumo/strawberry_pose_estimation/build/strawberry_perception/prefix_override:/usr/lib/python3/dist-packages/colcon_core/task/python/colcon_distutils_commands:/home/soumo/strawberry_pose_estimation/install/strawberry_perception/lib/python3.10/site-packages:${PYTHONPATH} /usr/bin/python3 -W ignore:setup.py install is deprecated -W ignore:easy_install command is deprecated setup.py egg_info --egg-base ../../build/strawberry_perception build --build-base /home/soumo/strawberry_pose_estimation/build/strawberry_perception/build install --record /home/soumo/strawberry_pose_estimation/build/strawberry_perception/install.log --install-scripts $base/lib/strawberry_perception --single-version-externally-managed install_data
