/home/soumo/strawberry_pose_estimation/install/strawberry_perception/lib/python3.10/site-packages/strawberry_perception/yolo_detector.py
/home/soumo/strawberry_pose_estimation/install/strawberry_perception/lib/python3.10/site-packages/strawberry_perception/stem_localizer.py
/home/soumo/strawberry_pose_estimation/install/strawberry_perception/lib/python3.10/site-packages/strawberry_perception/__init__.py
/home/soumo/strawberry_pose_estimation/install/strawberry_perception/lib/python3.10/site-packages/strawberry_perception/detection_node.py
/home/soumo/strawberry_pose_estimation/install/strawberry_perception/lib/python3.10/site-packages/strawberry_perception/coordinate_transform.py
/home/soumo/strawberry_pose_estimation/install/strawberry_perception/lib/python3.10/site-packages/strawberry_perception/__pycache__/yolo_detector.cpython-310.pyc
/home/soumo/strawberry_pose_estimation/install/strawberry_perception/lib/python3.10/site-packages/strawberry_perception/__pycache__/stem_localizer.cpython-310.pyc
/home/soumo/strawberry_pose_estimation/install/strawberry_perception/lib/python3.10/site-packages/strawberry_perception/__pycache__/__init__.cpython-310.pyc
/home/soumo/strawberry_pose_estimation/install/strawberry_perception/lib/python3.10/site-packages/strawberry_perception/__pycache__/detection_node.cpython-310.pyc
/home/soumo/strawberry_pose_estimation/install/strawberry_perception/lib/python3.10/site-packages/strawberry_perception/__pycache__/coordinate_transform.cpython-310.pyc
/home/soumo/strawberry_pose_estimation/install/strawberry_perception/share/ament_index/resource_index/packages/strawberry_perception
/home/soumo/strawberry_pose_estimation/install/strawberry_perception/share/strawberry_perception/package.xml
/home/soumo/strawberry_pose_estimation/install/strawberry_perception/share/strawberry_perception/launch/perception.launch.py
/home/soumo/strawberry_pose_estimation/install/strawberry_perception/share/strawberry_perception/config/perception_params.yaml
/home/soumo/strawberry_pose_estimation/install/strawberry_perception/lib/python3.10/site-packages/strawberry_perception-0.1.0-py3.10.egg-info/top_level.txt
/home/soumo/strawberry_pose_estimation/install/strawberry_perception/lib/python3.10/site-packages/strawberry_perception-0.1.0-py3.10.egg-info/entry_points.txt
/home/soumo/strawberry_pose_estimation/install/strawberry_perception/lib/python3.10/site-packages/strawberry_perception-0.1.0-py3.10.egg-info/SOURCES.txt
/home/soumo/strawberry_pose_estimation/install/strawberry_perception/lib/python3.10/site-packages/strawberry_perception-0.1.0-py3.10.egg-info/PKG-INFO
/home/soumo/strawberry_pose_estimation/install/strawberry_perception/lib/python3.10/site-packages/strawberry_perception-0.1.0-py3.10.egg-info/requires.txt
/home/soumo/strawberry_pose_estimation/install/strawberry_perception/lib/python3.10/site-packages/strawberry_perception-0.1.0-py3.10.egg-info/zip-safe
/home/soumo/strawberry_pose_estimation/install/strawberry_perception/lib/python3.10/site-packages/strawberry_perception-0.1.0-py3.10.egg-info/dependency_links.txt
/home/soumo/strawberry_pose_estimation/install/strawberry_perception/lib/strawberry_perception/detection_node
